python : ..F
At line:1 char:1
+ python c:\Users\mannu
\AndroidStudioProjects\
scanmyPills\scanmyPills
Ba ...
+ ~~~~~~~~~~~~~~~~~~~~~
~~~~~~~~~~~~~~~~~~~~~~~
~~~~~~~~~~~~~~~~~~~~~~~
~~
    + CategoryInfo     
         : NotSpecifi  
  ed: (..F:String) [   
 ], RemoteException
    + FullyQualifiedEr 
   rorId : NativeComm  
  andError
 
=======================
=======================
=======================
=
FAIL: 
test_user_examples (__m
ain__.TestOCR.test_user
_examples)
-----------------------
-----------------------
-----------------------
-
Traceback (most recent 
call last):
  File "c:\Users\mannu\
AndroidStudioProjects\s
canmyPills\scanmyPillsB
ackend\test_ocr_logic.p
y", line 110, in 
test_user_examples
    self.assertEqual(ex
tract_name(text1), 
"S-Numlo-5")
    ~~~~~~~~~~~~~~~~^^^
^^^^^^^^^^^^^^^^^^^^^^^
^^^^^^^^
AssertionError: 
'Manufactured by 
Emcure PHARMACEUTICALS 
LTD.' != 'S-Numlo-5'
- Manufactured by 
Emcure PHARMACEUTICALS 
LTD.
+ S-Numlo-5


-----------------------
-----------------------
-----------------------
-
Ran 3 tests in 0.010s

FAILED (failures=1)
